// Jest Snapshot v1, https://goo.gl/fbAQLP

exports[`<Fish/> should match the snapshot 1`] = `
<span
  className="Fish"
>
  <p
    className="fish-word"
  />
  <img
    className="fish-svg"
    src="./fishundefined.svg"
  />
</span>
`;
