// Jest Snapshot v1, https://goo.gl/fbAQLP

exports[`<ToggleDefinition/> should match the snapshot 1`] = `
ShallowWrapper {
  Symbol(enzyme.__root__): [Circular],
  Symbol(enzyme.__unrendered__): <ToggleDefinition />,
  Symbol(enzyme.__renderer__): Object {
    "batchedUpdates": [Function],
    "getNode": [Function],
    "render": [Function],
    "simulateError": [Function],
    "simulateEvent": [Function],
    "unmount": [Function],
  },
  Symbol(enzyme.__node__): Object {
    "instance": null,
    "key": undefined,
    "nodeType": "host",
    "props": Object {
      "children": Array [
        undefined,
        <section
          className="definition"
        >
          <p
            className="definition-info"
          >
            Select Words from the Word List to see it's definition.
            <br />
            Use the Filter to change the Word List Topic.
          </p>
        </section>,
      ],
      "className": "ToggleDefinition",
    },
    "ref": null,
    "rendered": Array [
      undefined,
      Object {
        "instance": null,
        "key": undefined,
        "nodeType": "host",
        "props": Object {
          "children": Array [
            undefined,
            <p
              className="definition-info"
            >
              Select Words from the Word List to see it's definition.
              <br />
              Use the Filter to change the Word List Topic.
            </p>,
          ],
          "className": "definition",
        },
        "ref": null,
        "rendered": Array [
          undefined,
          Object {
            "instance": null,
            "key": undefined,
            "nodeType": "host",
            "props": Object {
              "children": Array [
                "Select Words from the Word List to see it's definition.",
                <br />,
                "Use the Filter to change the Word List Topic.",
              ],
              "className": "definition-info",
            },
            "ref": null,
            "rendered": Array [
              "Select Words from the Word List to see it's definition.",
              Object {
                "instance": null,
                "key": undefined,
                "nodeType": "host",
                "props": Object {},
                "ref": null,
                "rendered": null,
                "type": "br",
              },
              "Use the Filter to change the Word List Topic.",
            ],
            "type": "p",
          },
        ],
        "type": "section",
      },
    ],
    "type": "section",
  },
  Symbol(enzyme.__nodes__): Array [
    Object {
      "instance": null,
      "key": undefined,
      "nodeType": "host",
      "props": Object {
        "children": Array [
          undefined,
          <section
            className="definition"
          >
            <p
              className="definition-info"
            >
              Select Words from the Word List to see it's definition.
              <br />
              Use the Filter to change the Word List Topic.
            </p>
          </section>,
        ],
        "className": "ToggleDefinition",
      },
      "ref": null,
      "rendered": Array [
        undefined,
        Object {
          "instance": null,
          "key": undefined,
          "nodeType": "host",
          "props": Object {
            "children": Array [
              undefined,
              <p
                className="definition-info"
              >
                Select Words from the Word List to see it's definition.
                <br />
                Use the Filter to change the Word List Topic.
              </p>,
            ],
            "className": "definition",
          },
          "ref": null,
          "rendered": Array [
            undefined,
            Object {
              "instance": null,
              "key": undefined,
              "nodeType": "host",
              "props": Object {
                "children": Array [
                  "Select Words from the Word List to see it's definition.",
                  <br />,
                  "Use the Filter to change the Word List Topic.",
                ],
                "className": "definition-info",
              },
              "ref": null,
              "rendered": Array [
                "Select Words from the Word List to see it's definition.",
                Object {
                  "instance": null,
                  "key": undefined,
                  "nodeType": "host",
                  "props": Object {},
                  "ref": null,
                  "rendered": null,
                  "type": "br",
                },
                "Use the Filter to change the Word List Topic.",
              ],
              "type": "p",
            },
          ],
          "type": "section",
        },
      ],
      "type": "section",
    },
  ],
  Symbol(enzyme.__options__): Object {
    "adapter": ReactSixteenAdapter {
      "options": Object {
        "enableComponentDidUpdateOnSetState": true,
        "lifecycles": Object {
          "componentDidUpdate": Object {
            "onSetState": true,
          },
          "getDerivedStateFromProps": true,
          "getSnapshotBeforeUpdate": true,
          "setState": Object {
            "skipsComponentDidUpdateOnNullish": true,
          },
        },
      },
    },
  },
}
`;
