// Jest Snapshot v1, https://goo.gl/fbAQLP

exports[`<VocabList/> should match the snapshot 1`] = `undefined`;
